#1 default      : abc123'&quot;
#2 raw          : abc123'"
#3 singleLine   : a b c
#4 inivalue     : abc123\'\&quot;
#5 html         : abc123'&amp;quot;
#6a fixedLength : ab
#6b fixedLength : abc123'&quot;++++++++++++++++++++++